Archive member included to satisfy reference by file (symbol)

c:/program files/microchip/xc32/v4.35/bin/bin/../../lib/gcc/pic32c/8.3.1/../../../../pic32c/lib/thumb/v6-m/nofp\libpic32c.a(data_init.o)
                              build/default/debug/_ext/1171490990/startup_xc32.o (__pic32c_data_initialization)
c:/program files/microchip/xc32/v4.35/bin/bin/../../lib/gcc/pic32c/8.3.1/../../../../pic32c/lib/thumb/v6-m/nofp\libg-musl.a(__libc_start_main.o)
                              build/default/debug/_ext/1171490990/startup_xc32.o (__libc_init_array)
c:/program files/microchip/xc32/v4.35/bin/bin/../../lib/gcc/pic32c/8.3.1/../../../../pic32c/lib/thumb/v6-m/nofp\libg-musl.a(libc.o)
                              c:/program files/microchip/xc32/v4.35/bin/bin/../../lib/gcc/pic32c/8.3.1/../../../../pic32c/lib/thumb/v6-m/nofp\libg-musl.a(__libc_start_main.o) (__progname_full)
c:/program files/microchip/xc32/v4.35/bin/bin/../../lib/gcc/pic32c/8.3.1/../../../../pic32c/lib/thumb/v6-m/nofp\libg-musl.a(memcpy.o)
                              build/default/debug/_ext/1593096446/plib_nvmctrl.o (memcpy)
c:/program files/microchip/xc32/v4.35/bin/bin/../../lib/gcc/pic32c/8.3.1/../../../../pic32c/lib/thumb/v6-m/nofp\libg-musl.a(__environ.o)
                              c:/program files/microchip/xc32/v4.35/bin/bin/../../lib/gcc/pic32c/8.3.1/../../../../pic32c/lib/thumb/v6-m/nofp\libg-musl.a(__libc_start_main.o) (__environ)
c:/program files/microchip/xc32/v4.35/bin/bin/../../lib/gcc/pic32c/8.3.1/thumb/v6-m/nofp\libgcc.a(_udivsi3.o)
                              build/default/debug/_ext/17022449/plib_sercom3_spi_master.o (__aeabi_uidiv)
c:/program files/microchip/xc32/v4.35/bin/bin/../../lib/gcc/pic32c/8.3.1/thumb/v6-m/nofp\libgcc.a(_dvmd_tls.o)
                              c:/program files/microchip/xc32/v4.35/bin/bin/../../lib/gcc/pic32c/8.3.1/thumb/v6-m/nofp\libgcc.a(_udivsi3.o) (__aeabi_idiv0)
c:/program files/microchip/xc32/v4.35/bin/bin/../../lib/gcc/pic32c/8.3.1/../../../../pic32c/lib/thumb/v6-m/nofp\libpic32c.a(pic32_data_init_clear.o)
                              (__dinit_clear_needed)
c:/program files/microchip/xc32/v4.35/bin/bin/../../lib/gcc/pic32c/8.3.1/../../../../pic32c/lib/thumb/v6-m/nofp\libpic32c.a(pic32_data_init_copy.o)
                              (__dinit_copy_needed)

Microchip PIC32 Memory-Usage Report

ROM Program-Memory Usage
section                    address  length [bytes]      (dec)  Description
-------                 ----------  -------------------------  -----------
.vectors                         0           0xac         172   
.text                         0xac           0x20          32  App's exec code 
.text                         0xcc          0x5f4        1524  App's exec code 
.text                        0x6c0          0x3bc         956  App's exec code 
.text                        0xa7c          0x244         580  App's exec code 
.text                        0xcc0          0x1cc         460  App's exec code 
.text                        0xe8c          0x190         400  App's exec code 
.text                       0x101c          0x104         260  App's exec code 
.text                       0x1120           0x8c         140  App's exec code 
.text                       0x11ac           0x88         136  App's exec code 
.dinit                      0x1234           0x70         112   
.text.__libc_start_init     0x12a4           0x5c          92   
.text.__pic32c_data_ini     0x1300           0x4c          76   
.text                       0x134c           0x48          72  App's exec code 
.text.Reset_Handler         0x1394           0x48          72   
.text                       0x13dc           0x38          56  App's exec code 
.text                       0x1414           0x30          48  App's exec code 
.text.__dinit_copy          0x1444           0x1e          30   
.text                       0x1462            0x2           2  App's exec code 
.rodata                     0x1464           0x14          20  Read-only const 
.text.memcpy                0x1478           0x14          20   
.text.__dinit_clear         0x148c           0x12          18   
.text                       0x149e           0x10          16  App's exec code 
.text                       0x14ae            0xc          12  App's exec code 
.text                       0x14ba            0xa          10  App's exec code 
.text.__dummy_decompres     0x14c4            0x4           4   
.text                       0x14c8            0x4           4  App's exec code 
.text                       0x14cc            0x2           2  App's exec code 
.text.__dummy               0x14ce            0x2           2   
      Total ROM used  :      0x14d0        5328  4.1% of 0x20000
        --------------------------------------------------------------------------
         Total Program Memory used  :      0x14d0        5328  4.1% of 0x20000
        --------------------------------------------------------------------------


RAM Data-Memory Usage
section                    address  length [bytes]      (dec)  Description
-------                 ----------  -------------------------  -----------
.bss                    0x20000000           0x50          80  Uninitialized data 
.bss                    0x20000050           0x2d          45  Uninitialized data 
.bss                    0x20000080           0x1c          28  Uninitialized data 
.bss                    0x2000009c            0x4           4  Uninitialized data 
.bss                    0x200000a0            0x4           4  Uninitialized data 
.data                   0x200000a4            0x4           4  Initialized data 
.eh_frame               0x200000a8            0x4           4   
         Total RAM used  :        0xa9         169  1.0% of 0x4000
        --------------------------------------------------------------------------
            Total Data Memory used  :        0xa9         169  1.0% of 0x4000
        --------------------------------------------------------------------------


Dynamic Data-Memory Reservation
section                    address  length [bytes]      (dec)  Description
-------                 ----------  -------------------------  -----------
heap                    0x200000b0          0x200         512  Reserved for heap 
stack                   0x200002c8         0x3d28       15656  Reserved for stack 

        --------------------------------------------------------------------------

Microchip PIC32 Memory-Usage Report By Module

        text        data         bss         dec         hex    basename                     filename
--------------------------------------------------------------------------------
        1524           0          45        1569         621    plib_sercom3_spi_master.obuild/default/debug/_ext/17022449/plib_sercom3_spi_master.o
         956           0           0         956         3bc    plib_nvmctrl.o           build/default/debug/_ext/1593096446/plib_nvmctrl.o
         580           0           0         580         244    plib_port.o              build/default/debug/_ext/1865521619/plib_port.o
         460           0           0         460         1cc    plib_tc0.o               build/default/debug/_ext/829342655/plib_tc0.o
         400           0           0         400         190    plib_nvic.o              build/default/debug/_ext/1865468468/plib_nvic.o
         260           0           0         260         104    plib_clock.o             build/default/debug/_ext/1984496892/plib_clock.o
         174           0           0         174          ae    interrupts.o             build/default/debug/_ext/1171490990/interrupts.o
         140           0           0         140          8c    _udivsi3.o               libgcc.a
         136           0           0         136          88    main.o                   build/default/debug/_ext/1360937237/main.o
         112           0           0         112          70    data_init                data_init
          80           4          28         112          70    crtbegin.o               c:/program files/microchip/xc32/v4.35/bin/bin/../../lib/gcc/pic32c/8.3.1/thumb/v6-m/nofp/crtbegin.o
         100           0           4         104          68    data_init.o              libpic32c.a
          94           0           0          94          5e    __libc_start_main.o      libg-musl.a
           0           0          80          80          50    libc.o                   libg-musl.a
          74           0           0          74          4a    startup_xc32.o           build/default/debug/_ext/1171490990/startup_xc32.o
          64           0           0          64          40    initialization.o         build/default/debug/_ext/1171490990/initialization.o
          48           0           0          48          30    xc32_monitor.o           build/default/debug/_ext/163028504/xc32_monitor.o
          30           0           0          30          1e    pic32_data_init_copy.o   libpic32c.a
          20           0           0          20          14    memcpy.o                 libg-musl.a
          18           0           0          18          12    pic32_data_init_clear.o  libpic32c.a
          16           0           0          16          10    crtn.o                   c:/program files/microchip/xc32/v4.35/bin/bin/../../lib/gcc/pic32c/8.3.1/thumb/v6-m/nofp/crtn.o
          16           0           0          16          10    exceptions.o             build/default/debug/_ext/1171490990/exceptions.o
          12           0           0          12           c    libc_syscalls.o          build/default/debug/_ext/1171490990/libc_syscalls.o
          10           0           0          10           a    plib_evsys.o             build/default/debug/_ext/1986646378/plib_evsys.o
           8           0           0           8           8    crti.o                   c:/program files/microchip/xc32/v4.35/bin/bin/../../lib/gcc/pic32c/8.3.1/thumb/v6-m/nofp/crti.o
           0           0           4           4           4    __environ.o              libg-musl.a
           0           4           0           4           4    crtend.o                 c:/program files/microchip/xc32/v4.35/bin/bin/../../lib/gcc/pic32c/8.3.1/thumb/v6-m/nofp/crtend.o
           4           0           0           4           4    _dvmd_tls.o              libgcc.a
--------------------------------------------------------------------------------
        5336           8         161        5505        1581    dist/default/debug/SSHAProject.X.debug.elf


Discarded input sections

 .xc_stack_usage.hdr
                0x00000000        0xe c:/program files/microchip/xc32/v4.35/bin/bin/../../lib/gcc/pic32c/8.3.1/thumb/v6-m/nofp/crti.o
 .xc_stack_usage
                0x00000000       0x26 c:/program files/microchip/xc32/v4.35/bin/bin/../../lib/gcc/pic32c/8.3.1/thumb/v6-m/nofp/crti.o
 .xc_stack_usage
                0x00000000       0x3c c:/program files/microchip/xc32/v4.35/bin/bin/../../lib/gcc/pic32c/8.3.1/thumb/v6-m/nofp/crtbegin.o
 .xc_stack_usage.hdr
                0x00000000        0xe c:/program files/microchip/xc32/v4.35/bin/bin/../../lib/gcc/pic32c/8.3.1/thumb/v6-m/nofp/crtbegin.o
 .xc_stack_usage
                0x00000000       0x4a c:/program files/microchip/xc32/v4.35/bin/bin/../../lib/gcc/pic32c/8.3.1/../../../../pic32c/lib/thumb/v6-m/nofp\libpic32c.a(data_init.o)
 .xc_stack_usage.hdr
                0x00000000        0xe c:/program files/microchip/xc32/v4.35/bin/bin/../../lib/gcc/pic32c/8.3.1/../../../../pic32c/lib/thumb/v6-m/nofp\libpic32c.a(data_init.o)
 .xc_stack_usage
                0x00000000       0x34 c:/program files/microchip/xc32/v4.35/bin/bin/../../lib/gcc/pic32c/8.3.1/../../../../pic32c/lib/thumb/v6-m/nofp\libg-musl.a(__libc_start_main.o)
 .xc_stack_usage.hdr
                0x00000000        0xe c:/program files/microchip/xc32/v4.35/bin/bin/../../lib/gcc/pic32c/8.3.1/../../../../pic32c/lib/thumb/v6-m/nofp\libg-musl.a(__libc_start_main.o)
 .xc_stack_usage.hdr
                0x00000000        0xe c:/program files/microchip/xc32/v4.35/bin/bin/../../lib/gcc/pic32c/8.3.1/../../../../pic32c/lib/thumb/v6-m/nofp\libg-musl.a(libc.o)
 .xc_stack_usage
                0x00000000       0x14 c:/program files/microchip/xc32/v4.35/bin/bin/../../lib/gcc/pic32c/8.3.1/../../../../pic32c/lib/thumb/v6-m/nofp\libg-musl.a(memcpy.o)
 .xc_stack_usage.hdr
                0x00000000        0xe c:/program files/microchip/xc32/v4.35/bin/bin/../../lib/gcc/pic32c/8.3.1/../../../../pic32c/lib/thumb/v6-m/nofp\libg-musl.a(memcpy.o)
 .xc_stack_usage.hdr
                0x00000000        0xe c:/program files/microchip/xc32/v4.35/bin/bin/../../lib/gcc/pic32c/8.3.1/../../../../pic32c/lib/thumb/v6-m/nofp\libg-musl.a(__environ.o)
 .xc_stack_usage.hdr
                0x00000000        0xe c:/program files/microchip/xc32/v4.35/bin/bin/../../lib/gcc/pic32c/8.3.1/thumb/v6-m/nofp\libgcc.a(_udivsi3.o)
 .xc_stack_usage
                0x00000000       0x35 c:/program files/microchip/xc32/v4.35/bin/bin/../../lib/gcc/pic32c/8.3.1/thumb/v6-m/nofp\libgcc.a(_udivsi3.o)
 .xc_stack_usage.hdr
                0x00000000        0xe c:/program files/microchip/xc32/v4.35/bin/bin/../../lib/gcc/pic32c/8.3.1/thumb/v6-m/nofp\libgcc.a(_dvmd_tls.o)
 .xc_stack_usage
                0x00000000       0x36 c:/program files/microchip/xc32/v4.35/bin/bin/../../lib/gcc/pic32c/8.3.1/thumb/v6-m/nofp\libgcc.a(_dvmd_tls.o)
 .xc_stack_usage.hdr
                0x00000000        0xe c:/program files/microchip/xc32/v4.35/bin/bin/../../lib/gcc/pic32c/8.3.1/thumb/v6-m/nofp/crtend.o
 .xc_stack_usage.hdr
                0x00000000        0xe c:/program files/microchip/xc32/v4.35/bin/bin/../../lib/gcc/pic32c/8.3.1/thumb/v6-m/nofp/crtn.o
 .xc_stack_usage
                0x00000000       0x1b c:/program files/microchip/xc32/v4.35/bin/bin/../../lib/gcc/pic32c/8.3.1/../../../../pic32c/lib/thumb/v6-m/nofp\libpic32c.a(pic32_data_init_clear.o)
 .xc_stack_usage.hdr
                0x00000000        0xe c:/program files/microchip/xc32/v4.35/bin/bin/../../lib/gcc/pic32c/8.3.1/../../../../pic32c/lib/thumb/v6-m/nofp\libpic32c.a(pic32_data_init_clear.o)
 .xc_stack_usage
                0x00000000       0x1a c:/program files/microchip/xc32/v4.35/bin/bin/../../lib/gcc/pic32c/8.3.1/../../../../pic32c/lib/thumb/v6-m/nofp\libpic32c.a(pic32_data_init_copy.o)
 .xc_stack_usage.hdr
                0x00000000        0xe c:/program files/microchip/xc32/v4.35/bin/bin/../../lib/gcc/pic32c/8.3.1/../../../../pic32c/lib/thumb/v6-m/nofp\libpic32c.a(pic32_data_init_copy.o)

Memory Configuration

Name             Origin             Length             Attributes
rom              0x00000000         0x00020000         xrl
ram              0x20000000         0x00004000         xw !r
config_D0804000  0xd0804000         0x00000004
config_D0806020  0xd0806020         0x00000004
config_D0804004  0xd0804004         0x00000004
config_D0806034  0xd0806034         0x00000004
config_D0806030  0xd0806030         0x00000004
*default*        0x00000000         0xffffffff

Linker script and memory map

LOAD c:/program files/microchip/xc32/v4.35/bin/bin/../../lib/gcc/pic32c/8.3.1/thumb/v6-m/nofp/crti.o
LOAD c:/program files/microchip/xc32/v4.35/bin/bin/../../lib/gcc/pic32c/8.3.1/thumb/v6-m/nofp/crtbegin.o
LOAD build/default/debug/_ext/1984496892/plib_clock.o
LOAD build/default/debug/_ext/1986646378/plib_evsys.o
LOAD build/default/debug/_ext/1865468468/plib_nvic.o
LOAD build/default/debug/_ext/1593096446/plib_nvmctrl.o
LOAD build/default/debug/_ext/1865521619/plib_port.o
LOAD build/default/debug/_ext/17022449/plib_sercom3_spi_master.o
LOAD build/default/debug/_ext/829342655/plib_tc0.o
LOAD build/default/debug/_ext/163028504/xc32_monitor.o
LOAD build/default/debug/_ext/1171490990/interrupts.o
LOAD build/default/debug/_ext/1171490990/startup_xc32.o
LOAD build/default/debug/_ext/1171490990/libc_syscalls.o
LOAD build/default/debug/_ext/1171490990/exceptions.o
LOAD build/default/debug/_ext/1171490990/initialization.o
LOAD build/default/debug/_ext/1360937237/main.o
                0x00000001                __MPLAB_BUILD = 0x1
                0x00020000                __rom_end = (ORIGIN (rom) + LENGTH (rom))
                0x20004000                __ram_end = (ORIGIN (ram) + LENGTH (ram))

.config_D0804000
 *(.config_D0804000)

.config_D0806020
 *(.config_D0806020)

.config_D0804004
 *(.config_D0804004)

.config_D0806034
 *(.config_D0806034)

.config_D0806030
 *(.config_D0806030)

.vectors        0x00000000       0xac
                0x00000000                . = ALIGN (0x4)
                0x00000000                _sfixed = .
 *(.vectors .vectors.* .vectors_default .vectors_default.*)
 .vectors       0x00000000       0xac build/default/debug/_ext/1171490990/interrupts.o
                0x00000000                exception_table
 *(.isr_vector)
 *(.reset*)
 *(.after_vectors)

.text           0x000000ac       0x20
                0x000000ac                . = ALIGN (0x4)
 *(.glue_7t)
 .glue_7t       0x000000ac        0x0 linker stubs
 *(.glue_7)
 .glue_7        0x000000ac        0x0 linker stubs
 *(.gnu.linkonce.r.*)
 *(.ARM.extab* .gnu.linkonce.armextab.*)
                0x000000ac                . = ALIGN (0x4)
 *(.init)
 .init          0x000000ac        0x4 c:/program files/microchip/xc32/v4.35/bin/bin/../../lib/gcc/pic32c/8.3.1/thumb/v6-m/nofp/crti.o
                0x000000ac                _init
 .init          0x000000b0        0x8 c:/program files/microchip/xc32/v4.35/bin/bin/../../lib/gcc/pic32c/8.3.1/thumb/v6-m/nofp/crtn.o
                0x000000b8                . = ALIGN (0x4)
                0x000000b8                __preinit_array_start = .
 *(.preinit_array)
                0x000000b8                __preinit_array_end = .
                0x000000b8                . = ALIGN (0x4)
                0x000000b8                __init_array_start = .
 *(SORT_BY_NAME(.init_array.*))
 *(.init_array)
 .init_array    0x000000b8        0x4 c:/program files/microchip/xc32/v4.35/bin/bin/../../lib/gcc/pic32c/8.3.1/thumb/v6-m/nofp/crtbegin.o
                0x000000bc                __init_array_end = .
                0x000000bc                . = ALIGN (0x4)
 *crtbegin.o(.ctors)
 *(EXCLUDE_FILE(*crtend.o) .ctors)
 *(SORT_BY_NAME(.ctors.*))
 *crtend.o(.ctors)
                0x000000bc                . = ALIGN (0x4)
 *(.fini)
 .fini          0x000000bc        0x4 c:/program files/microchip/xc32/v4.35/bin/bin/../../lib/gcc/pic32c/8.3.1/thumb/v6-m/nofp/crti.o
                0x000000bc                _fini
 .fini          0x000000c0        0x8 c:/program files/microchip/xc32/v4.35/bin/bin/../../lib/gcc/pic32c/8.3.1/thumb/v6-m/nofp/crtn.o
                0x000000c8                . = ALIGN (0x4)
                0x000000c8                __fini_array_start = .
 *(.fini_array)
 .fini_array    0x000000c8        0x4 c:/program files/microchip/xc32/v4.35/bin/bin/../../lib/gcc/pic32c/8.3.1/thumb/v6-m/nofp/crtbegin.o
 *(SORT_BY_NAME(.fini_array.*))
                0x000000cc                __fini_array_end = .
 *crtbegin.o(.dtors)
 *(EXCLUDE_FILE(*crtend.o) .dtors)
 *(SORT_BY_NAME(.dtors.*))
 *crtend.o(.dtors)
                0x000000cc                . = ALIGN (0x4)
                0x000000cc                _efixed = .
                [!provide]                PROVIDE (__exidx_start = .)

.ARM.exidx
 *(.ARM.exidx* .gnu.linkonce.armexidx.*)
                [!provide]                PROVIDE (__exidx_end = .)
                0x000000cc                . = ALIGN (0x4)
                0x000000cc                _etext = .

.bss            0x20000000        0x0
                0x20000000                . = ALIGN (0x4)
                0x20000000                __bss_start__ = .
                0x20000000                _sbss = .
                0x20000000                _szero = .
 *(COMMON)
                0x20000000                . = ALIGN (0x4)
                0x20000000                __bss_end__ = .
                0x20000000                _ebss = .
                0x20000000                _ezero = .
                0x20000000                . = ALIGN (0x4)
                0x20000000                _end = .
                0x20003fff                _ram_end_ = ((ORIGIN (ram) + LENGTH (ram)) - 0x1)
                0x00000001                __ICD2RAM = 0x1
                0x00000001                __MPLAB_DEBUG = 0x1
                0x00000001                __DEBUG = 0x1
                0x00000200                _min_heap_size = 0x200
START GROUP
LOAD c:/program files/microchip/xc32/v4.35/bin/bin/../../lib/gcc/pic32c/8.3.1/../../../../pic32c/lib/thumb/v6-m/nofp\libpic32c.a
LOAD c:/program files/microchip/xc32/v4.35/bin/bin/../../lib/gcc/pic32c/8.3.1/../../../../pic32c/lib/thumb/v6-m/nofp\libm-fast-emfloat.a
LOAD c:/program files/microchip/xc32/v4.35/bin/bin/../../lib/gcc/pic32c/8.3.1/../../../../pic32c/lib/thumb/v6-m/nofp\libg-musl.a
LOAD c:/program files/microchip/xc32/v4.35/bin/bin/../../lib/gcc/pic32c/8.3.1/../../../../pic32c/lib/thumb/v6-m/nofp\libc-musl.a
LOAD c:/program files/microchip/xc32/v4.35/bin/bin/../../lib/gcc/pic32c/8.3.1/../../../../pic32c/lib/thumb/v6-m/nofp\libm-fast-emfloat.a
LOAD c:/program files/microchip/xc32/v4.35/bin/bin/../../lib/gcc/pic32c/8.3.1/thumb/v6-m/nofp\libgcc.a
END GROUP
LOAD c:/program files/microchip/xc32/v4.35/bin/bin/../../lib/gcc/pic32c/8.3.1/thumb/v6-m/nofp/crtend.o
LOAD c:/program files/microchip/xc32/v4.35/bin/bin/../../lib/gcc/pic32c/8.3.1/thumb/v6-m/nofp/crtn.o
OUTPUT(dist/default/debug/SSHAProject.X.debug.elf elf32-littlearm)
LOAD data_init
LOAD stack

.ARM.attributes
                0x00000000       0x2c
 .ARM.attributes
                0x00000000       0x1e c:/program files/microchip/xc32/v4.35/bin/bin/../../lib/gcc/pic32c/8.3.1/thumb/v6-m/nofp/crti.o
 .ARM.attributes
                0x0000001e       0x2c c:/program files/microchip/xc32/v4.35/bin/bin/../../lib/gcc/pic32c/8.3.1/thumb/v6-m/nofp/crtbegin.o
 .ARM.attributes
                0x0000004a       0x2c build/default/debug/_ext/1984496892/plib_clock.o
 .ARM.attributes
                0x00000076       0x2c build/default/debug/_ext/1986646378/plib_evsys.o
 .ARM.attributes
                0x000000a2       0x2c build/default/debug/_ext/1865468468/plib_nvic.o
 .ARM.attributes
                0x000000ce       0x2c build/default/debug/_ext/1593096446/plib_nvmctrl.o
 .ARM.attributes
                0x000000fa       0x2c build/default/debug/_ext/1865521619/plib_port.o
 .ARM.attributes
                0x00000126       0x2c build/default/debug/_ext/17022449/plib_sercom3_spi_master.o
 .ARM.attributes
                0x00000152       0x2c build/default/debug/_ext/829342655/plib_tc0.o
 .ARM.attributes
                0x0000017e       0x2c build/default/debug/_ext/163028504/xc32_monitor.o
 .ARM.attributes
                0x000001aa       0x2c build/default/debug/_ext/1171490990/interrupts.o
 .ARM.attributes
                0x000001d6       0x2c build/default/debug/_ext/1171490990/startup_xc32.o
 .ARM.attributes
                0x00000202       0x2c build/default/debug/_ext/1171490990/libc_syscalls.o
 .ARM.attributes
                0x0000022e       0x2c build/default/debug/_ext/1171490990/exceptions.o
 .ARM.attributes
                0x0000025a       0x2c build/default/debug/_ext/1171490990/initialization.o
 .ARM.attributes
                0x00000286       0x2c build/default/debug/_ext/1360937237/main.o
 .ARM.attributes
                0x000002b2       0x2c c:/program files/microchip/xc32/v4.35/bin/bin/../../lib/gcc/pic32c/8.3.1/../../../../pic32c/lib/thumb/v6-m/nofp\libpic32c.a(data_init.o)
 .ARM.attributes
                0x000002de       0x2e c:/program files/microchip/xc32/v4.35/bin/bin/../../lib/gcc/pic32c/8.3.1/../../../../pic32c/lib/thumb/v6-m/nofp\libg-musl.a(__libc_start_main.o)
 .ARM.attributes
                0x0000030c       0x2e c:/program files/microchip/xc32/v4.35/bin/bin/../../lib/gcc/pic32c/8.3.1/../../../../pic32c/lib/thumb/v6-m/nofp\libg-musl.a(libc.o)
 .ARM.attributes
                0x0000033a       0x2e c:/program files/microchip/xc32/v4.35/bin/bin/../../lib/gcc/pic32c/8.3.1/../../../../pic32c/lib/thumb/v6-m/nofp\libg-musl.a(memcpy.o)
 .ARM.attributes
                0x00000368       0x2e c:/program files/microchip/xc32/v4.35/bin/bin/../../lib/gcc/pic32c/8.3.1/../../../../pic32c/lib/thumb/v6-m/nofp\libg-musl.a(__environ.o)
 .ARM.attributes
                0x00000396       0x1e c:/program files/microchip/xc32/v4.35/bin/bin/../../lib/gcc/pic32c/8.3.1/thumb/v6-m/nofp\libgcc.a(_udivsi3.o)
 .ARM.attributes
                0x000003b4       0x1e c:/program files/microchip/xc32/v4.35/bin/bin/../../lib/gcc/pic32c/8.3.1/thumb/v6-m/nofp\libgcc.a(_dvmd_tls.o)
 .ARM.attributes
                0x000003d2       0x2c c:/program files/microchip/xc32/v4.35/bin/bin/../../lib/gcc/pic32c/8.3.1/thumb/v6-m/nofp/crtend.o
 .ARM.attributes
                0x000003fe       0x1e c:/program files/microchip/xc32/v4.35/bin/bin/../../lib/gcc/pic32c/8.3.1/thumb/v6-m/nofp/crtn.o
 .ARM.attributes
                0x0000041c       0x2c c:/program files/microchip/xc32/v4.35/bin/bin/../../lib/gcc/pic32c/8.3.1/../../../../pic32c/lib/thumb/v6-m/nofp\libpic32c.a(pic32_data_init_clear.o)
 .ARM.attributes
                0x00000448       0x2c c:/program files/microchip/xc32/v4.35/bin/bin/../../lib/gcc/pic32c/8.3.1/../../../../pic32c/lib/thumb/v6-m/nofp\libpic32c.a(pic32_data_init_copy.o)

.comment        0x00000000       0x2b
 .comment       0x00000000       0x2b c:/program files/microchip/xc32/v4.35/bin/bin/../../lib/gcc/pic32c/8.3.1/thumb/v6-m/nofp/crtbegin.o
                                 0x2c (size before relaxing)
 .comment       0x0000002b       0x2c build/default/debug/_ext/1984496892/plib_clock.o
 .comment       0x0000002b       0x2c build/default/debug/_ext/1986646378/plib_evsys.o
 .comment       0x0000002b       0x2c build/default/debug/_ext/1865468468/plib_nvic.o
 .comment       0x0000002b       0x2c build/default/debug/_ext/1593096446/plib_nvmctrl.o
 .comment       0x0000002b       0x2c build/default/debug/_ext/1865521619/plib_port.o
 .comment       0x0000002b       0x2c build/default/debug/_ext/17022449/plib_sercom3_spi_master.o
 .comment       0x0000002b       0x2c build/default/debug/_ext/829342655/plib_tc0.o
 .comment       0x0000002b       0x2c build/default/debug/_ext/163028504/xc32_monitor.o
 .comment       0x0000002b       0x2c build/default/debug/_ext/1171490990/interrupts.o
 .comment       0x0000002b       0x2c build/default/debug/_ext/1171490990/startup_xc32.o
 .comment       0x0000002b       0x2c build/default/debug/_ext/1171490990/libc_syscalls.o
 .comment       0x0000002b       0x2c build/default/debug/_ext/1171490990/exceptions.o
 .comment       0x0000002b       0x2c build/default/debug/_ext/1171490990/initialization.o
 .comment       0x0000002b       0x2c build/default/debug/_ext/1360937237/main.o
 .comment       0x0000002b       0x2c c:/program files/microchip/xc32/v4.35/bin/bin/../../lib/gcc/pic32c/8.3.1/../../../../pic32c/lib/thumb/v6-m/nofp\libpic32c.a(data_init.o)
 .comment       0x0000002b       0x2c c:/program files/microchip/xc32/v4.35/bin/bin/../../lib/gcc/pic32c/8.3.1/../../../../pic32c/lib/thumb/v6-m/nofp\libg-musl.a(__libc_start_main.o)
 .comment       0x0000002b       0x2c c:/program files/microchip/xc32/v4.35/bin/bin/../../lib/gcc/pic32c/8.3.1/../../../../pic32c/lib/thumb/v6-m/nofp\libg-musl.a(libc.o)
 .comment       0x0000002b       0x2c c:/program files/microchip/xc32/v4.35/bin/bin/../../lib/gcc/pic32c/8.3.1/../../../../pic32c/lib/thumb/v6-m/nofp\libg-musl.a(memcpy.o)
 .comment       0x0000002b       0x2c c:/program files/microchip/xc32/v4.35/bin/bin/../../lib/gcc/pic32c/8.3.1/../../../../pic32c/lib/thumb/v6-m/nofp\libg-musl.a(__environ.o)
 .comment       0x0000002b       0x2c c:/program files/microchip/xc32/v4.35/bin/bin/../../lib/gcc/pic32c/8.3.1/thumb/v6-m/nofp/crtend.o
 .comment       0x0000002b       0x2c c:/program files/microchip/xc32/v4.35/bin/bin/../../lib/gcc/pic32c/8.3.1/../../../../pic32c/lib/thumb/v6-m/nofp\libpic32c.a(pic32_data_init_clear.o)
 .comment       0x0000002b       0x2c c:/program files/microchip/xc32/v4.35/bin/bin/../../lib/gcc/pic32c/8.3.1/../../../../pic32c/lib/thumb/v6-m/nofp\libpic32c.a(pic32_data_init_copy.o)

.debug_info     0x00000000     0x8693
 .debug_info    0x00000000      0xaa5 build/default/debug/_ext/1984496892/plib_clock.o
 .debug_info    0x00000aa5      0x31c build/default/debug/_ext/1986646378/plib_evsys.o
 .debug_info    0x00000dc1      0x9ce build/default/debug/_ext/1865468468/plib_nvic.o
 .debug_info    0x0000178f      0xad0 build/default/debug/_ext/1593096446/plib_nvmctrl.o
 .debug_info    0x0000225f      0xbad build/default/debug/_ext/1865521619/plib_port.o
 .debug_info    0x00002e0c     0x13a2 build/default/debug/_ext/17022449/plib_sercom3_spi_master.o
 .debug_info    0x000041ae      0xb32 build/default/debug/_ext/829342655/plib_tc0.o
 .debug_info    0x00004ce0      0x321 build/default/debug/_ext/163028504/xc32_monitor.o
 .debug_info    0x00005001      0x857 build/default/debug/_ext/1171490990/interrupts.o
 .debug_info    0x00005858      0x449 build/default/debug/_ext/1171490990/startup_xc32.o
 .debug_info    0x00005ca1      0x308 build/default/debug/_ext/1171490990/libc_syscalls.o
 .debug_info    0x00005fa9      0x341 build/default/debug/_ext/1171490990/exceptions.o
 .debug_info    0x000062ea      0x544 build/default/debug/_ext/1171490990/initialization.o
 .debug_info    0x0000682e      0x575 build/default/debug/_ext/1360937237/main.o
 .debug_info    0x00006da3      0x2b9 c:/program files/microchip/xc32/v4.35/bin/bin/../../lib/gcc/pic32c/8.3.1/../../../../pic32c/lib/thumb/v6-m/nofp\libpic32c.a(data_init.o)
 .debug_info    0x0000705c      0x616 c:/program files/microchip/xc32/v4.35/bin/bin/../../lib/gcc/pic32c/8.3.1/../../../../pic32c/lib/thumb/v6-m/nofp\libg-musl.a(__libc_start_main.o)
 .debug_info    0x00007672      0x528 c:/program files/microchip/xc32/v4.35/bin/bin/../../lib/gcc/pic32c/8.3.1/../../../../pic32c/lib/thumb/v6-m/nofp\libg-musl.a(libc.o)
 .debug_info    0x00007b9a      0x2e8 c:/program files/microchip/xc32/v4.35/bin/bin/../../lib/gcc/pic32c/8.3.1/../../../../pic32c/lib/thumb/v6-m/nofp\libg-musl.a(memcpy.o)
 .debug_info    0x00007e82      0x2a2 c:/program files/microchip/xc32/v4.35/bin/bin/../../lib/gcc/pic32c/8.3.1/../../../../pic32c/lib/thumb/v6-m/nofp\libg-musl.a(__environ.o)
 .debug_info    0x00008124       0x26 c:/program files/microchip/xc32/v4.35/bin/bin/../../lib/gcc/pic32c/8.3.1/thumb/v6-m/nofp\libgcc.a(_udivsi3.o)
 .debug_info    0x0000814a       0x26 c:/program files/microchip/xc32/v4.35/bin/bin/../../lib/gcc/pic32c/8.3.1/thumb/v6-m/nofp\libgcc.a(_dvmd_tls.o)
 .debug_info    0x00008170      0x292 c:/program files/microchip/xc32/v4.35/bin/bin/../../lib/gcc/pic32c/8.3.1/../../../../pic32c/lib/thumb/v6-m/nofp\libpic32c.a(pic32_data_init_clear.o)
 .debug_info    0x00008402      0x291 c:/program files/microchip/xc32/v4.35/bin/bin/../../lib/gcc/pic32c/8.3.1/../../../../pic32c/lib/thumb/v6-m/nofp\libpic32c.a(pic32_data_init_copy.o)

.debug_abbrev   0x00000000     0x115c
 .debug_abbrev  0x00000000       0xf8 build/default/debug/_ext/1984496892/plib_clock.o
 .debug_abbrev  0x000000f8       0x39 build/default/debug/_ext/1986646378/plib_evsys.o
 .debug_abbrev  0x00000131      0x1d2 build/default/debug/_ext/1865468468/plib_nvic.o
 .debug_abbrev  0x00000303      0x1a1 build/default/debug/_ext/1593096446/plib_nvmctrl.o
 .debug_abbrev  0x000004a4      0x178 build/default/debug/_ext/1865521619/plib_port.o
 .debug_abbrev  0x0000061c      0x259 build/default/debug/_ext/17022449/plib_sercom3_spi_master.o
 .debug_abbrev  0x00000875      0x15a build/default/debug/_ext/829342655/plib_tc0.o
 .debug_abbrev  0x000009cf       0x80 build/default/debug/_ext/163028504/xc32_monitor.o
 .debug_abbrev  0x00000a4f       0xb3 build/default/debug/_ext/1171490990/interrupts.o
 .debug_abbrev  0x00000b02       0xd4 build/default/debug/_ext/1171490990/startup_xc32.o
 .debug_abbrev  0x00000bd6       0x4d build/default/debug/_ext/1171490990/libc_syscalls.o
 .debug_abbrev  0x00000c23       0x3c build/default/debug/_ext/1171490990/exceptions.o
 .debug_abbrev  0x00000c5f       0xaf build/default/debug/_ext/1171490990/initialization.o
 .debug_abbrev  0x00000d0e       0xc4 build/default/debug/_ext/1360937237/main.o
 .debug_abbrev  0x00000dd2       0x44 c:/program files/microchip/xc32/v4.35/bin/bin/../../lib/gcc/pic32c/8.3.1/../../../../pic32c/lib/thumb/v6-m/nofp\libpic32c.a(data_init.o)
 .debug_abbrev  0x00000e16      0x117 c:/program files/microchip/xc32/v4.35/bin/bin/../../lib/gcc/pic32c/8.3.1/../../../../pic32c/lib/thumb/v6-m/nofp\libg-musl.a(__libc_start_main.o)
 .debug_abbrev  0x00000f2d       0xb8 c:/program files/microchip/xc32/v4.35/bin/bin/../../lib/gcc/pic32c/8.3.1/../../../../pic32c/lib/thumb/v6-m/nofp\libg-musl.a(libc.o)
 .debug_abbrev  0x00000fe5       0x9c c:/program files/microchip/xc32/v4.35/bin/bin/../../lib/gcc/pic32c/8.3.1/../../../../pic32c/lib/thumb/v6-m/nofp\libg-musl.a(memcpy.o)
 .debug_abbrev  0x00001081       0x57 c:/program files/microchip/xc32/v4.35/bin/bin/../../lib/gcc/pic32c/8.3.1/../../../../pic32c/lib/thumb/v6-m/nofp\libg-musl.a(__environ.o)
 .debug_abbrev  0x000010d8       0x14 c:/program files/microchip/xc32/v4.35/bin/bin/../../lib/gcc/pic32c/8.3.1/thumb/v6-m/nofp\libgcc.a(_udivsi3.o)
 .debug_abbrev  0x000010ec       0x14 c:/program files/microchip/xc32/v4.35/bin/bin/../../lib/gcc/pic32c/8.3.1/thumb/v6-m/nofp\libgcc.a(_dvmd_tls.o)
 .debug_abbrev  0x00001100       0x2e c:/program files/microchip/xc32/v4.35/bin/bin/../../lib/gcc/pic32c/8.3.1/../../../../pic32c/lib/thumb/v6-m/nofp\libpic32c.a(pic32_data_init_clear.o)
 .debug_abbrev  0x0000112e       0x2e c:/program files/microchip/xc32/v4.35/bin/bin/../../lib/gcc/pic32c/8.3.1/../../../../pic32c/lib/thumb/v6-m/nofp\libpic32c.a(pic32_data_init_copy.o)

.debug_loc      0x00000000      0xf73
 .debug_loc     0x00000000       0xbc build/default/debug/_ext/1984496892/plib_clock.o
 .debug_loc     0x000000bc       0x2c build/default/debug/_ext/1986646378/plib_evsys.o
 .debug_loc     0x000000e8      0x138 build/default/debug/_ext/1865468468/plib_nvic.o
 .debug_loc     0x00000220      0x3c0 build/default/debug/_ext/1593096446/plib_nvmctrl.o
 .debug_loc     0x000005e0      0x25c build/default/debug/_ext/1865521619/plib_port.o
 .debug_loc     0x0000083c      0x1e0 build/default/debug/_ext/17022449/plib_sercom3_spi_master.o
 .debug_loc     0x00000a1c      0x1e8 build/default/debug/_ext/829342655/plib_tc0.o
 .debug_loc     0x00000c04       0x70 build/default/debug/_ext/163028504/xc32_monitor.o
 .debug_loc     0x00000c74       0x20 build/default/debug/_ext/1171490990/startup_xc32.o
 .debug_loc     0x00000c94       0x38 build/default/debug/_ext/1171490990/libc_syscalls.o
 .debug_loc     0x00000ccc       0x58 build/default/debug/_ext/1171490990/exceptions.o
 .debug_loc     0x00000d24       0x38 build/default/debug/_ext/1171490990/initialization.o
 .debug_loc     0x00000d5c       0x64 build/default/debug/_ext/1360937237/main.o
 .debug_loc     0x00000dc0       0x14 c:/program files/microchip/xc32/v4.35/bin/bin/../../lib/gcc/pic32c/8.3.1/../../../../pic32c/lib/thumb/v6-m/nofp\libpic32c.a(data_init.o)
 .debug_loc     0x00000dd4       0x5e c:/program files/microchip/xc32/v4.35/bin/bin/../../lib/gcc/pic32c/8.3.1/../../../../pic32c/lib/thumb/v6-m/nofp\libg-musl.a(__libc_start_main.o)
 .debug_loc     0x00000e32      0x12d c:/program files/microchip/xc32/v4.35/bin/bin/../../lib/gcc/pic32c/8.3.1/../../../../pic32c/lib/thumb/v6-m/nofp\libg-musl.a(memcpy.o)
 .debug_loc     0x00000f5f       0x14 c:/program files/microchip/xc32/v4.35/bin/bin/../../lib/gcc/pic32c/8.3.1/../../../../pic32c/lib/thumb/v6-m/nofp\libpic32c.a(pic32_data_init_copy.o)

.debug_aranges  0x00000000      0x2e8
 .debug_aranges
                0x00000000       0x20 build/default/debug/_ext/1984496892/plib_clock.o
 .debug_aranges
                0x00000020       0x20 build/default/debug/_ext/1986646378/plib_evsys.o
 .debug_aranges
                0x00000040       0x20 build/default/debug/_ext/1865468468/plib_nvic.o
 .debug_aranges
                0x00000060       0x20 build/default/debug/_ext/1593096446/plib_nvmctrl.o
 .debug_aranges
                0x00000080       0x20 build/default/debug/_ext/1865521619/plib_port.o
 .debug_aranges
                0x000000a0       0x20 build/default/debug/_ext/17022449/plib_sercom3_spi_master.o
 .debug_aranges
                0x000000c0       0x20 build/default/debug/_ext/829342655/plib_tc0.o
 .debug_aranges
                0x000000e0       0x20 build/default/debug/_ext/163028504/xc32_monitor.o
 .debug_aranges
                0x00000100       0x20 build/default/debug/_ext/1171490990/interrupts.o
 .debug_aranges
                0x00000120       0x28 build/default/debug/_ext/1171490990/startup_xc32.o
 .debug_aranges
                0x00000148       0x20 build/default/debug/_ext/1171490990/libc_syscalls.o
 .debug_aranges
                0x00000168       0x20 build/default/debug/_ext/1171490990/exceptions.o
 .debug_aranges
                0x00000188       0x20 build/default/debug/_ext/1171490990/initialization.o
 .debug_aranges
                0x000001a8       0x20 build/default/debug/_ext/1360937237/main.o
 .debug_aranges
                0x000001c8       0x28 c:/program files/microchip/xc32/v4.35/bin/bin/../../lib/gcc/pic32c/8.3.1/../../../../pic32c/lib/thumb/v6-m/nofp\libpic32c.a(data_init.o)
 .debug_aranges
                0x000001f0       0x28 c:/program files/microchip/xc32/v4.35/bin/bin/../../lib/gcc/pic32c/8.3.1/../../../../pic32c/lib/thumb/v6-m/nofp\libg-musl.a(__libc_start_main.o)
 .debug_aranges
                0x00000218       0x18 c:/program files/microchip/xc32/v4.35/bin/bin/../../lib/gcc/pic32c/8.3.1/../../../../pic32c/lib/thumb/v6-m/nofp\libg-musl.a(libc.o)
 .debug_aranges
                0x00000230       0x20 c:/program files/microchip/xc32/v4.35/bin/bin/../../lib/gcc/pic32c/8.3.1/../../../../pic32c/lib/thumb/v6-m/nofp\libg-musl.a(memcpy.o)
 .debug_aranges
                0x00000250       0x18 c:/program files/microchip/xc32/v4.35/bin/bin/../../lib/gcc/pic32c/8.3.1/../../../../pic32c/lib/thumb/v6-m/nofp\libg-musl.a(__environ.o)
 .debug_aranges
                0x00000268       0x20 c:/program files/microchip/xc32/v4.35/bin/bin/../../lib/gcc/pic32c/8.3.1/thumb/v6-m/nofp\libgcc.a(_udivsi3.o)
 .debug_aranges
                0x00000288       0x20 c:/program files/microchip/xc32/v4.35/bin/bin/../../lib/gcc/pic32c/8.3.1/thumb/v6-m/nofp\libgcc.a(_dvmd_tls.o)
 .debug_aranges
                0x000002a8       0x20 c:/program files/microchip/xc32/v4.35/bin/bin/../../lib/gcc/pic32c/8.3.1/../../../../pic32c/lib/thumb/v6-m/nofp\libpic32c.a(pic32_data_init_clear.o)
 .debug_aranges
                0x000002c8       0x20 c:/program files/microchip/xc32/v4.35/bin/bin/../../lib/gcc/pic32c/8.3.1/../../../../pic32c/lib/thumb/v6-m/nofp\libpic32c.a(pic32_data_init_copy.o)

.debug_line     0x00000000     0x1cb8
 .debug_line    0x00000000      0x1a4 build/default/debug/_ext/1984496892/plib_clock.o
 .debug_line    0x000001a4       0x66 build/default/debug/_ext/1986646378/plib_evsys.o
 .debug_line    0x0000020a      0x23d build/default/debug/_ext/1865468468/plib_nvic.o
 .debug_line    0x00000447      0x2bb build/default/debug/_ext/1593096446/plib_nvmctrl.o
 .debug_line    0x00000702      0x20b build/default/debug/_ext/1865521619/plib_port.o
 .debug_line    0x0000090d      0x476 build/default/debug/_ext/17022449/plib_sercom3_spi_master.o
 .debug_line    0x00000d83      0x1fe build/default/debug/_ext/829342655/plib_tc0.o
 .debug_line    0x00000f81       0xb6 build/default/debug/_ext/163028504/xc32_monitor.o
 .debug_line    0x00001037       0xb6 build/default/debug/_ext/1171490990/interrupts.o
 .debug_line    0x000010ed      0x104 build/default/debug/_ext/1171490990/startup_xc32.o
 .debug_line    0x000011f1       0x5d build/default/debug/_ext/1171490990/libc_syscalls.o
 .debug_line    0x0000124e       0x63 build/default/debug/_ext/1171490990/exceptions.o
 .debug_line    0x000012b1       0xf5 build/default/debug/_ext/1171490990/initialization.o
 .debug_line    0x000013a6       0xfa build/default/debug/_ext/1360937237/main.o
 .debug_line    0x000014a0       0xe8 c:/program files/microchip/xc32/v4.35/bin/bin/../../lib/gcc/pic32c/8.3.1/../../../../pic32c/lib/thumb/v6-m/nofp\libpic32c.a(data_init.o)
 .debug_line    0x00001588      0x1c2 c:/program files/microchip/xc32/v4.35/bin/bin/../../lib/gcc/pic32c/8.3.1/../../../../pic32c/lib/thumb/v6-m/nofp\libg-musl.a(__libc_start_main.o)
 .debug_line    0x0000174a       0xb8 c:/program files/microchip/xc32/v4.35/bin/bin/../../lib/gcc/pic32c/8.3.1/../../../../pic32c/lib/thumb/v6-m/nofp\libg-musl.a(libc.o)
 .debug_line    0x00001802       0xf1 c:/program files/microchip/xc32/v4.35/bin/bin/../../lib/gcc/pic32c/8.3.1/../../../../pic32c/lib/thumb/v6-m/nofp\libg-musl.a(memcpy.o)
 .debug_line    0x000018f3      0x101 c:/program files/microchip/xc32/v4.35/bin/bin/../../lib/gcc/pic32c/8.3.1/../../../../pic32c/lib/thumb/v6-m/nofp\libg-musl.a(__environ.o)
 .debug_line    0x000019f4       0xab c:/program files/microchip/xc32/v4.35/bin/bin/../../lib/gcc/pic32c/8.3.1/thumb/v6-m/nofp\libgcc.a(_udivsi3.o)
 .debug_line    0x00001a9f       0x94 c:/program files/microchip/xc32/v4.35/bin/bin/../../lib/gcc/pic32c/8.3.1/thumb/v6-m/nofp\libgcc.a(_dvmd_tls.o)
 .debug_line    0x00001b33       0xb6 c:/program files/microchip/xc32/v4.35/bin/bin/../../lib/gcc/pic32c/8.3.1/../../../../pic32c/lib/thumb/v6-m/nofp\libpic32c.a(pic32_data_init_clear.o)
 .debug_line    0x00001be9       0xcf c:/program files/microchip/xc32/v4.35/bin/bin/../../lib/gcc/pic32c/8.3.1/../../../../pic32c/lib/thumb/v6-m/nofp\libpic32c.a(pic32_data_init_copy.o)

.debug_str      0x00000000      0x40d
 .debug_str     0x00000000       0x1e build/default/debug/_ext/1984496892/plib_clock.o
 .debug_str     0x0000001e        0x0 build/default/debug/_ext/1986646378/plib_evsys.o
 .debug_str     0x0000001e        0xa build/default/debug/_ext/1865468468/plib_nvic.o
 .debug_str     0x00000028       0x16 build/default/debug/_ext/1593096446/plib_nvmctrl.o
 .debug_str     0x0000003e        0xb build/default/debug/_ext/1865521619/plib_port.o
 .debug_str     0x00000049      0x142 build/default/debug/_ext/17022449/plib_sercom3_spi_master.o
 .debug_str     0x0000018b       0xb2 build/default/debug/_ext/829342655/plib_tc0.o
 .debug_str     0x0000023d        0x0 build/default/debug/_ext/163028504/xc32_monitor.o
 .debug_str     0x0000023d        0x0 build/default/debug/_ext/1171490990/interrupts.o
 .debug_str     0x0000023d        0x0 build/default/debug/_ext/1171490990/startup_xc32.o
 .debug_str     0x0000023d        0x0 build/default/debug/_ext/1171490990/libc_syscalls.o
 .debug_str     0x0000023d        0x0 build/default/debug/_ext/1171490990/exceptions.o
 .debug_str     0x0000023d        0x0 build/default/debug/_ext/1171490990/initialization.o
 .debug_str     0x0000023d        0x0 build/default/debug/_ext/1360937237/main.o
 .debug_str     0x0000023d        0x0 c:/program files/microchip/xc32/v4.35/bin/bin/../../lib/gcc/pic32c/8.3.1/../../../../pic32c/lib/thumb/v6-m/nofp\libpic32c.a(data_init.o)
 .debug_str     0x0000023d        0x0 c:/program files/microchip/xc32/v4.35/bin/bin/../../lib/gcc/pic32c/8.3.1/../../../../pic32c/lib/thumb/v6-m/nofp\libg-musl.a(__libc_start_main.o)
 .debug_str     0x0000023d        0x0 c:/program files/microchip/xc32/v4.35/bin/bin/../../lib/gcc/pic32c/8.3.1/../../../../pic32c/lib/thumb/v6-m/nofp\libg-musl.a(libc.o)
 .debug_str     0x0000023d        0x0 c:/program files/microchip/xc32/v4.35/bin/bin/../../lib/gcc/pic32c/8.3.1/../../../../pic32c/lib/thumb/v6-m/nofp\libg-musl.a(memcpy.o)
 .debug_str     0x0000023d        0x0 c:/program files/microchip/xc32/v4.35/bin/bin/../../lib/gcc/pic32c/8.3.1/../../../../pic32c/lib/thumb/v6-m/nofp\libg-musl.a(__environ.o)
 .debug_str     0x0000023d       0xe8 c:/program files/microchip/xc32/v4.35/bin/bin/../../lib/gcc/pic32c/8.3.1/thumb/v6-m/nofp\libgcc.a(_udivsi3.o)
 .debug_str     0x00000325       0xe8 c:/program files/microchip/xc32/v4.35/bin/bin/../../lib/gcc/pic32c/8.3.1/thumb/v6-m/nofp\libgcc.a(_dvmd_tls.o)
 .debug_str     0x0000040d        0x0 c:/program files/microchip/xc32/v4.35/bin/bin/../../lib/gcc/pic32c/8.3.1/../../../../pic32c/lib/thumb/v6-m/nofp\libpic32c.a(pic32_data_init_clear.o)
 .debug_str     0x0000040d        0x0 c:/program files/microchip/xc32/v4.35/bin/bin/../../lib/gcc/pic32c/8.3.1/../../../../pic32c/lib/thumb/v6-m/nofp\libpic32c.a(pic32_data_init_copy.o)

.debug_frame    0x00000000      0xa20
 .debug_frame   0x00000000       0x84 build/default/debug/_ext/1984496892/plib_clock.o
 .debug_frame   0x00000084       0x2c build/default/debug/_ext/1986646378/plib_evsys.o
 .debug_frame   0x000000b0       0xc8 build/default/debug/_ext/1865468468/plib_nvic.o
 .debug_frame   0x00000178      0x240 build/default/debug/_ext/1593096446/plib_nvmctrl.o
 .debug_frame   0x000003b8      0x16c build/default/debug/_ext/1865521619/plib_port.o
 .debug_frame   0x00000524      0x128 build/default/debug/_ext/17022449/plib_sercom3_spi_master.o
 .debug_frame   0x0000064c      0x138 build/default/debug/_ext/829342655/plib_tc0.o
 .debug_frame   0x00000784       0x50 build/default/debug/_ext/163028504/xc32_monitor.o
 .debug_frame   0x000007d4       0x20 build/default/debug/_ext/1171490990/interrupts.o
 .debug_frame   0x000007f4       0x38 build/default/debug/_ext/1171490990/startup_xc32.o
 .debug_frame   0x0000082c       0x30 build/default/debug/_ext/1171490990/libc_syscalls.o
 .debug_frame   0x0000085c       0x48 build/default/debug/_ext/1171490990/exceptions.o
 .debug_frame   0x000008a4       0x30 build/default/debug/_ext/1171490990/initialization.o
 .debug_frame   0x000008d4       0x4c build/default/debug/_ext/1360937237/main.o
 .debug_frame   0x00000920       0x38 c:/program files/microchip/xc32/v4.35/bin/bin/../../lib/gcc/pic32c/8.3.1/../../../../pic32c/lib/thumb/v6-m/nofp\libpic32c.a(data_init.o)
 .debug_frame   0x00000958       0x38 c:/program files/microchip/xc32/v4.35/bin/bin/../../lib/gcc/pic32c/8.3.1/../../../../pic32c/lib/thumb/v6-m/nofp\libg-musl.a(__libc_start_main.o)
 .debug_frame   0x00000990       0x28 c:/program files/microchip/xc32/v4.35/bin/bin/../../lib/gcc/pic32c/8.3.1/../../../../pic32c/lib/thumb/v6-m/nofp\libg-musl.a(memcpy.o)
 .debug_frame   0x000009b8       0x20 c:/program files/microchip/xc32/v4.35/bin/bin/../../lib/gcc/pic32c/8.3.1/thumb/v6-m/nofp\libgcc.a(_udivsi3.o)
 .debug_frame   0x000009d8       0x20 c:/program files/microchip/xc32/v4.35/bin/bin/../../lib/gcc/pic32c/8.3.1/../../../../pic32c/lib/thumb/v6-m/nofp\libpic32c.a(pic32_data_init_clear.o)
 .debug_frame   0x000009f8       0x28 c:/program files/microchip/xc32/v4.35/bin/bin/../../lib/gcc/pic32c/8.3.1/../../../../pic32c/lib/thumb/v6-m/nofp\libpic32c.a(pic32_data_init_copy.o)

.debug_ranges   0x00000000       0x90
 .debug_ranges  0x00000000       0x18 build/default/debug/_ext/1171490990/startup_xc32.o
 .debug_ranges  0x00000018       0x18 c:/program files/microchip/xc32/v4.35/bin/bin/../../lib/gcc/pic32c/8.3.1/../../../../pic32c/lib/thumb/v6-m/nofp\libpic32c.a(data_init.o)
 .debug_ranges  0x00000030       0x30 c:/program files/microchip/xc32/v4.35/bin/bin/../../lib/gcc/pic32c/8.3.1/../../../../pic32c/lib/thumb/v6-m/nofp\libg-musl.a(__libc_start_main.o)
 .debug_ranges  0x00000060       0x10 c:/program files/microchip/xc32/v4.35/bin/bin/../../lib/gcc/pic32c/8.3.1/../../../../pic32c/lib/thumb/v6-m/nofp\libg-musl.a(memcpy.o)
 .debug_ranges  0x00000070       0x10 c:/program files/microchip/xc32/v4.35/bin/bin/../../lib/gcc/pic32c/8.3.1/../../../../pic32c/lib/thumb/v6-m/nofp\libpic32c.a(pic32_data_init_clear.o)
 .debug_ranges  0x00000080       0x10 c:/program files/microchip/xc32/v4.35/bin/bin/../../lib/gcc/pic32c/8.3.1/../../../../pic32c/lib/thumb/v6-m/nofp\libpic32c.a(pic32_data_init_copy.o)

.note.GNU-stack
                0x00000000        0x0
 .note.GNU-stack
                0x00000000        0x0 c:/program files/microchip/xc32/v4.35/bin/bin/../../lib/gcc/pic32c/8.3.1/../../../../pic32c/lib/thumb/v6-m/nofp\libg-musl.a(__libc_start_main.o)
 .note.GNU-stack
                0x00000000        0x0 c:/program files/microchip/xc32/v4.35/bin/bin/../../lib/gcc/pic32c/8.3.1/../../../../pic32c/lib/thumb/v6-m/nofp\libg-musl.a(libc.o)
 .note.GNU-stack
                0x00000000        0x0 c:/program files/microchip/xc32/v4.35/bin/bin/../../lib/gcc/pic32c/8.3.1/../../../../pic32c/lib/thumb/v6-m/nofp\libg-musl.a(memcpy.o)
 .note.GNU-stack
                0x00000000        0x0 c:/program files/microchip/xc32/v4.35/bin/bin/../../lib/gcc/pic32c/8.3.1/../../../../pic32c/lib/thumb/v6-m/nofp\libg-musl.a(__environ.o)

.stack          0x200002c8      0x100
 .stack         0x200002c8      0x100 stack

.bss%1          0x20000000       0x50
 .bss           0x20000000       0x50 c:/program files/microchip/xc32/v4.35/bin/bin/../../lib/gcc/pic32c/8.3.1/../../../../pic32c/lib/thumb/v6-m/nofp\libg-musl.a(libc.o)
                0x20000000                __progname_full
                0x20000000                program_invocation_name
                0x20000004                program_invocation_short_name
                0x20000004                __progname
                0x20000008                __sysinfo
                0x2000000c                __hwcap
                0x20000010                __libc

.bss%2          0x20000050       0x2d
 .bss           0x20000050       0x2d build/default/debug/_ext/17022449/plib_sercom3_spi_master.o

.bss%3          0x20000080       0x1c
 .bss           0x20000080       0x1c c:/program files/microchip/xc32/v4.35/bin/bin/../../lib/gcc/pic32c/8.3.1/thumb/v6-m/nofp/crtbegin.o

.bss%4          0x2000009c        0x4
 .bss           0x2000009c        0x4 c:/program files/microchip/xc32/v4.35/bin/bin/../../lib/gcc/pic32c/8.3.1/../../../../pic32c/lib/thumb/v6-m/nofp\libpic32c.a(data_init.o)

.bss%5          0x200000a0        0x4
 .bss           0x200000a0        0x4 c:/program files/microchip/xc32/v4.35/bin/bin/../../lib/gcc/pic32c/8.3.1/../../../../pic32c/lib/thumb/v6-m/nofp\libg-musl.a(__environ.o)
                0x200000a0                __environ
                0x200000a0                environ
                0x200000a0                ___environ
                0x200000a0                _environ

.bss%z1         0x00000000        0x0
 .bss           0x00000000        0x0 c:/program files/microchip/xc32/v4.35/bin/bin/../../lib/gcc/pic32c/8.3.1/../../../../pic32c/lib/thumb/v6-m/nofp\libpic32c.a(pic32_data_init_copy.o)

.bss%z2         0x00000000        0x0
 .bss           0x00000000        0x0 c:/program files/microchip/xc32/v4.35/bin/bin/../../lib/gcc/pic32c/8.3.1/../../../../pic32c/lib/thumb/v6-m/nofp\libpic32c.a(pic32_data_init_clear.o)

.bss%z3         0x00000000        0x0
 .bss           0x00000000        0x0 c:/program files/microchip/xc32/v4.35/bin/bin/../../lib/gcc/pic32c/8.3.1/thumb/v6-m/nofp/crtn.o

.bss%z4         0x00000000        0x0
 .bss           0x00000000        0x0 c:/program files/microchip/xc32/v4.35/bin/bin/../../lib/gcc/pic32c/8.3.1/thumb/v6-m/nofp/crtend.o

.bss%z5         0x00000000        0x0
 .bss           0x00000000        0x0 c:/program files/microchip/xc32/v4.35/bin/bin/../../lib/gcc/pic32c/8.3.1/thumb/v6-m/nofp\libgcc.a(_dvmd_tls.o)

.bss%z6         0x00000000        0x0
 .bss           0x00000000        0x0 c:/program files/microchip/xc32/v4.35/bin/bin/../../lib/gcc/pic32c/8.3.1/thumb/v6-m/nofp\libgcc.a(_udivsi3.o)

.bss%z7         0x00000000        0x0
 .bss           0x00000000        0x0 c:/program files/microchip/xc32/v4.35/bin/bin/../../lib/gcc/pic32c/8.3.1/../../../../pic32c/lib/thumb/v6-m/nofp\libg-musl.a(memcpy.o)

.bss%z8         0x00000000        0x0
 .bss           0x00000000        0x0 c:/program files/microchip/xc32/v4.35/bin/bin/../../lib/gcc/pic32c/8.3.1/../../../../pic32c/lib/thumb/v6-m/nofp\libg-musl.a(__libc_start_main.o)

.bss%z9         0x00000000        0x0
 .bss           0x00000000        0x0 build/default/debug/_ext/1360937237/main.o

.bss%z10        0x00000000        0x0
 .bss           0x00000000        0x0 build/default/debug/_ext/1171490990/initialization.o

.bss%z11        0x00000000        0x0
 .bss           0x00000000        0x0 build/default/debug/_ext/1171490990/exceptions.o

.bss%z12        0x00000000        0x0
 .bss           0x00000000        0x0 build/default/debug/_ext/1171490990/libc_syscalls.o

.bss%z13        0x00000000        0x0
 .bss           0x00000000        0x0 build/default/debug/_ext/1171490990/startup_xc32.o

.bss%z14        0x00000000        0x0
 .bss           0x00000000        0x0 build/default/debug/_ext/1171490990/interrupts.o

.bss%z15        0x00000000        0x0
 .bss           0x00000000        0x0 build/default/debug/_ext/163028504/xc32_monitor.o

.bss%z16        0x00000000        0x0
 .bss           0x00000000        0x0 build/default/debug/_ext/829342655/plib_tc0.o

.bss%z17        0x00000000        0x0
 .bss           0x00000000        0x0 build/default/debug/_ext/1865521619/plib_port.o

.bss%z18        0x00000000        0x0
 .bss           0x00000000        0x0 build/default/debug/_ext/1593096446/plib_nvmctrl.o

.bss%z19        0x00000000        0x0
 .bss           0x00000000        0x0 build/default/debug/_ext/1865468468/plib_nvic.o

.bss%z20        0x00000000        0x0
 .bss           0x00000000        0x0 build/default/debug/_ext/1986646378/plib_evsys.o

.bss%z21        0x00000000        0x0
 .bss           0x00000000        0x0 build/default/debug/_ext/1984496892/plib_clock.o

.bss%z22        0x00000000        0x0
 .bss           0x00000000        0x0 c:/program files/microchip/xc32/v4.35/bin/bin/../../lib/gcc/pic32c/8.3.1/thumb/v6-m/nofp/crti.o

.data%6         0x200000a4        0x4
 .data          0x200000a4        0x4 c:/program files/microchip/xc32/v4.35/bin/bin/../../lib/gcc/pic32c/8.3.1/thumb/v6-m/nofp/crtbegin.o
                0x200000a4                __dso_handle

.eh_frame%7     0x200000a8        0x4
 .eh_frame      0x200000a8        0x4 c:/program files/microchip/xc32/v4.35/bin/bin/../../lib/gcc/pic32c/8.3.1/thumb/v6-m/nofp/crtend.o

.data%z23       0x00000000        0x0
 .data          0x00000000        0x0 c:/program files/microchip/xc32/v4.35/bin/bin/../../lib/gcc/pic32c/8.3.1/../../../../pic32c/lib/thumb/v6-m/nofp\libpic32c.a(pic32_data_init_copy.o)

.data%z24       0x00000000        0x0
 .data          0x00000000        0x0 c:/program files/microchip/xc32/v4.35/bin/bin/../../lib/gcc/pic32c/8.3.1/../../../../pic32c/lib/thumb/v6-m/nofp\libpic32c.a(pic32_data_init_clear.o)

.data%z25       0x00000000        0x0
 .data          0x00000000        0x0 c:/program files/microchip/xc32/v4.35/bin/bin/../../lib/gcc/pic32c/8.3.1/thumb/v6-m/nofp/crtn.o

.data%z26       0x00000000        0x0
 .data          0x00000000        0x0 c:/program files/microchip/xc32/v4.35/bin/bin/../../lib/gcc/pic32c/8.3.1/thumb/v6-m/nofp/crtend.o

.data%z27       0x00000000        0x0
 .data          0x00000000        0x0 c:/program files/microchip/xc32/v4.35/bin/bin/../../lib/gcc/pic32c/8.3.1/thumb/v6-m/nofp\libgcc.a(_dvmd_tls.o)

.data%z28       0x00000000        0x0
 .data          0x00000000        0x0 c:/program files/microchip/xc32/v4.35/bin/bin/../../lib/gcc/pic32c/8.3.1/thumb/v6-m/nofp\libgcc.a(_udivsi3.o)

.data%z29       0x00000000        0x0
 .data          0x00000000        0x0 c:/program files/microchip/xc32/v4.35/bin/bin/../../lib/gcc/pic32c/8.3.1/../../../../pic32c/lib/thumb/v6-m/nofp\libg-musl.a(__environ.o)

.data%z30       0x00000000        0x0
 .data          0x00000000        0x0 c:/program files/microchip/xc32/v4.35/bin/bin/../../lib/gcc/pic32c/8.3.1/../../../../pic32c/lib/thumb/v6-m/nofp\libg-musl.a(memcpy.o)

.data%z31       0x00000000        0x0
 .data          0x00000000        0x0 c:/program files/microchip/xc32/v4.35/bin/bin/../../lib/gcc/pic32c/8.3.1/../../../../pic32c/lib/thumb/v6-m/nofp\libg-musl.a(libc.o)

.data%z32       0x00000000        0x0
 .data          0x00000000        0x0 c:/program files/microchip/xc32/v4.35/bin/bin/../../lib/gcc/pic32c/8.3.1/../../../../pic32c/lib/thumb/v6-m/nofp\libg-musl.a(__libc_start_main.o)

.data%z33       0x00000000        0x0
 .data          0x00000000        0x0 c:/program files/microchip/xc32/v4.35/bin/bin/../../lib/gcc/pic32c/8.3.1/../../../../pic32c/lib/thumb/v6-m/nofp\libpic32c.a(data_init.o)

.data%z34       0x00000000        0x0
 .data          0x00000000        0x0 build/default/debug/_ext/1360937237/main.o

.data%z35       0x00000000        0x0
 .data          0x00000000        0x0 build/default/debug/_ext/1171490990/initialization.o

.data%z36       0x00000000        0x0
 .data          0x00000000        0x0 build/default/debug/_ext/1171490990/exceptions.o

.data%z37       0x00000000        0x0
 .data          0x00000000        0x0 build/default/debug/_ext/1171490990/libc_syscalls.o

.data%z38       0x00000000        0x0
 .data          0x00000000        0x0 build/default/debug/_ext/1171490990/startup_xc32.o

.data%z39       0x00000000        0x0
 .data          0x00000000        0x0 build/default/debug/_ext/1171490990/interrupts.o

.data%z40       0x00000000        0x0
 .data          0x00000000        0x0 build/default/debug/_ext/163028504/xc32_monitor.o

.data%z41       0x00000000        0x0
 .data          0x00000000        0x0 build/default/debug/_ext/829342655/plib_tc0.o

.data%z42       0x00000000        0x0
 .data          0x00000000        0x0 build/default/debug/_ext/17022449/plib_sercom3_spi_master.o

.data%z43       0x00000000        0x0
 .data          0x00000000        0x0 build/default/debug/_ext/1865521619/plib_port.o

.data%z44       0x00000000        0x0
 .data          0x00000000        0x0 build/default/debug/_ext/1593096446/plib_nvmctrl.o

.data%z45       0x00000000        0x0
 .data          0x00000000        0x0 build/default/debug/_ext/1865468468/plib_nvic.o

.data%z46       0x00000000        0x0
 .data          0x00000000        0x0 build/default/debug/_ext/1986646378/plib_evsys.o

.data%z47       0x00000000        0x0
 .data          0x00000000        0x0 build/default/debug/_ext/1984496892/plib_clock.o

.eh_frame%z48   0x00000000        0x0
 .eh_frame      0x00000000        0x0 c:/program files/microchip/xc32/v4.35/bin/bin/../../lib/gcc/pic32c/8.3.1/thumb/v6-m/nofp/crtbegin.o

.data%z49       0x00000000        0x0
 .data          0x00000000        0x0 c:/program files/microchip/xc32/v4.35/bin/bin/../../lib/gcc/pic32c/8.3.1/thumb/v6-m/nofp/crti.o

.config_00804004%8
                0x00804004        0x4
 .config_00804004
                0x00804004        0x4 build/default/debug/_ext/1171490990/initialization.o
                0x00804004                __config_00804004

.config_00804000%9
                0x00804000        0x4
 .config_00804000
                0x00804000        0x4 build/default/debug/_ext/1171490990/initialization.o
                0x00804000                __config_00804000

.text%10        0x000000cc      0x5f4
 .text          0x000000cc      0x5f4 build/default/debug/_ext/17022449/plib_sercom3_spi_master.o
                0x000000cc                SERCOM3_SPI_Initialize
                0x00000120                SERCOM3_SPI_TransferSetup
                0x0000020c                SERCOM3_SPI_CallbackRegister
                0x00000230                SERCOM3_SPI_IsBusy
                0x000002a4                SERCOM3_SPI_IsTransmitterBusy
                0x000002c4                SERCOM3_SPI_WriteRead
                0x000004bc                SERCOM3_SPI_Write
                0x000004dc                SERCOM3_SPI_Read
                0x000004fc                SERCOM3_SPI_InterruptHandler

.text%11        0x000006c0      0x3bc
 .text          0x000006c0      0x3bc build/default/debug/_ext/1593096446/plib_nvmctrl.o
                0x000006c0                NVMCTRL_Initialize
                0x000006d4                NVMCTRL_CacheInvalidate
                0x000006ec                NVMCTRL_DATA_FLASH_Read
                0x00000712                NVMCTRL_DATA_FLASH_PageWrite
                0x00000768                NVMCTRL_DATA_FLASH_RowErase
                0x00000790                NVMCTRL_Read
                0x000007b6                NVMCTRL_PageBufferWrite
                0x000007f4                NVMCTRL_PageBufferCommit
                0x00000840                NVMCTRL_PageWrite
                0x00000894                NVMCTRL_RowErase
                0x000008bc                NVMCTRL_USER_ROW_PageWrite
                0x0000093c                NVMCTRL_USER_ROW_RowErase
                0x00000990                NVMCTRL_ErrorGet
                0x000009d4                NVMCTRL_IsBusy
                0x000009f0                NVMCTRL_RegionLock
                0x00000a18                NVMCTRL_RegionUnlock
                0x00000a40                NVMCTRL_InterruptFlagGet
                0x00000a64                NVMCTRL_SecurityBitSet

.text%12        0x00000a7c      0x244
 .text          0x00000a7c      0x244 build/default/debug/_ext/1865521619/plib_port.o
                0x00000a7c                PORT_Initialize
                0x00000af4                PORT_GroupRead
                0x00000b08                PORT_GroupWrite
                0x00000b34                PORT_GroupLatchRead
                0x00000b48                PORT_GroupSet
                0x00000b60                PORT_GroupClear
                0x00000b78                PORT_GroupToggle
                0x00000b90                PORT_GroupInputEnable
                0x00000ba8                PORT_GroupOutputEnable
                0x00000bc0                PORT_PinPeripheralFunctionConfig
                0x00000c6c                PORT_PinGPIOConfig

.text%13        0x00000cc0      0x1cc
 .text          0x00000cc0      0x1cc build/default/debug/_ext/829342655/plib_tc0.o
                0x00000cc0                TC0_TimerInitialize
                0x00000d0c                TC0_TimerStart
                0x00000d34                TC0_TimerStop
                0x00000d5c                TC0_TimerFrequencyGet
                0x00000d6c                TC0_TimerCommandSet
                0x00000d9c                TC0_Timer16bitCounterGet
                0x00000de0                TC0_Timer16bitCounterSet
                0x00000e10                TC0_Timer16bitPeriodSet
                0x00000e40                TC0_Timer16bitPeriodGet
                0x00000e54                TC0_TimerPeriodHasExpired

.text%14        0x00000e8c      0x190
 .text          0x00000e8c      0x190 build/default/debug/_ext/1865468468/plib_nvic.o
                0x00000f9c                NVIC_Initialize
                0x00000fba                NVIC_INT_Enable
                0x00000fca                NVIC_INT_Disable
                0x00000ff2                NVIC_INT_Restore

.text%15        0x0000101c      0x104
 .text          0x0000101c      0x104 build/default/debug/_ext/1984496892/plib_clock.o
                0x000010c8                CLOCK_Initialize

.text%16        0x00001120       0x8c
 .text          0x00001120       0x8c c:/program files/microchip/xc32/v4.35/bin/bin/../../lib/gcc/pic32c/8.3.1/thumb/v6-m/nofp\libgcc.a(_udivsi3.o)
                0x00001120                __aeabi_uidiv
                0x00001120                __udivsi3
                0x00001198                __aeabi_uidivmod

.text%17        0x000011ac       0x88
 .text          0x000011ac       0x88 build/default/debug/_ext/1360937237/main.o
                0x000011ac                main
                0x000011fc                DelayminuteT0

.dinit%18       0x00001234       0x70
 .dinit         0x00001234       0x70 data_init

.text.__libc_start_init%19
                0x000012a4       0x5c
 .text.__libc_start_init
                0x000012a4       0x5c c:/program files/microchip/xc32/v4.35/bin/bin/../../lib/gcc/pic32c/8.3.1/../../../../pic32c/lib/thumb/v6-m/nofp\libg-musl.a(__libc_start_main.o)
                0x000012a4                __libc_init_array

.text.__pic32c_data_initialization%20
                0x00001300       0x4c
 .text.__pic32c_data_initialization
                0x00001300       0x4c c:/program files/microchip/xc32/v4.35/bin/bin/../../lib/gcc/pic32c/8.3.1/../../../../pic32c/lib/thumb/v6-m/nofp\libpic32c.a(data_init.o)
                0x00001300                __pic32c_data_initialization

.text%21        0x0000134c       0x48
 .text          0x0000134c       0x48 c:/program files/microchip/xc32/v4.35/bin/bin/../../lib/gcc/pic32c/8.3.1/thumb/v6-m/nofp/crtbegin.o

.text.Reset_Handler%22
                0x00001394       0x48
 .text.Reset_Handler
                0x00001394       0x48 build/default/debug/_ext/1171490990/startup_xc32.o
                0x00001394                Reset_Handler

.text%23        0x000013dc       0x38
 .text          0x000013dc       0x38 build/default/debug/_ext/1171490990/initialization.o
                0x000013dc                SYS_Initialize

.text%24        0x00001414       0x30
 .text          0x00001414       0x30 build/default/debug/_ext/163028504/xc32_monitor.o
                0x00001414                read
                0x0000142c                write

.text.__dinit_copy%25
                0x00001444       0x1e
 .text.__dinit_copy
                0x00001444       0x1e c:/program files/microchip/xc32/v4.35/bin/bin/../../lib/gcc/pic32c/8.3.1/../../../../pic32c/lib/thumb/v6-m/nofp\libpic32c.a(pic32_data_init_copy.o)
                0x00001444                __dinit_copy_needed
                0x00001444                __dinit_copy

.rodata%26      0x00001464       0x14
 .rodata        0x00001464       0x14 c:/program files/microchip/xc32/v4.35/bin/bin/../../lib/gcc/pic32c/8.3.1/../../../../pic32c/lib/thumb/v6-m/nofp\libpic32c.a(data_init.o)

.text.memcpy%27
                0x00001478       0x14
 .text.memcpy   0x00001478       0x14 c:/program files/microchip/xc32/v4.35/bin/bin/../../lib/gcc/pic32c/8.3.1/../../../../pic32c/lib/thumb/v6-m/nofp\libg-musl.a(memcpy.o)
                0x00001478                memcpy

.text.__dinit_clear%28
                0x0000148c       0x12
 .text.__dinit_clear
                0x0000148c       0x12 c:/program files/microchip/xc32/v4.35/bin/bin/../../lib/gcc/pic32c/8.3.1/../../../../pic32c/lib/thumb/v6-m/nofp\libpic32c.a(pic32_data_init_clear.o)
                0x0000148c                __dinit_clear
                0x0000148c                __dinit_clear_needed

.text%29        0x0000149e       0x10
 .text          0x0000149e       0x10 build/default/debug/_ext/1171490990/exceptions.o
                0x0000149e                NonMaskableInt_Handler
                0x000014a6                HardFault_Handler

.text%30        0x000014ae        0xc
 .text          0x000014ae        0xc build/default/debug/_ext/1171490990/libc_syscalls.o
                0x000014ae                _exit

.text%31        0x000014ba        0xa
 .text          0x000014ba        0xa build/default/debug/_ext/1986646378/plib_evsys.o
                0x000014ba                EVSYS_Initialize

.text.__dummy_decompress%32
                0x000014c4        0x4
 .text.__dummy_decompress
                0x000014c4        0x4 c:/program files/microchip/xc32/v4.35/bin/bin/../../lib/gcc/pic32c/8.3.1/../../../../pic32c/lib/thumb/v6-m/nofp\libpic32c.a(data_init.o)
                0x000014c4                __dinit_decompress
                0x000014c4                __dinit_copy_val_data
                0x000014c4                __dinit_copy_emb

.text%33        0x000014c8        0x4
 .text          0x000014c8        0x4 c:/program files/microchip/xc32/v4.35/bin/bin/../../lib/gcc/pic32c/8.3.1/thumb/v6-m/nofp\libgcc.a(_dvmd_tls.o)
                0x000014c8                __aeabi_idiv0
                0x000014c8                __aeabi_ldiv0

.text%34        0x00001462        0x2
 .text          0x00001462        0x2 build/default/debug/_ext/1171490990/interrupts.o
                0x00001462                SVCall_Handler
                0x00001462                DMAC_Handler
                0x00001462                TC2_Handler
                0x00001462                AC_Handler
                0x00001462                SysTick_Handler
                0x00001462                PendSV_Handler
                0x00001462                SERCOM1_Handler
                0x00001462                TCC1_Handler
                0x00001462                SERCOM2_Handler
                0x00001462                TCC0_Handler
                0x00001462                RTC_Handler
                0x00001462                ADC1_Handler
                0x00001462                EIC_Handler
                0x00001462                WDT_Handler
                0x00001462                TC4_Handler
                0x00001462                TC1_Handler
                0x00001462                TC3_Handler
                0x00001462                SDADC_Handler
                0x00001462                Dummy_Handler
                0x00001462                ADC0_Handler
                0x00001462                TSENS_Handler
                0x00001462                PDEC_Handler
                0x00001462                TCC2_Handler
                0x00001462                EVSYS_Handler
                0x00001462                NVMCTRL_Handler
                0x00001462                SYSTEM_Handler
                0x00001462                SERCOM0_Handler
                0x00001462                DAC_Handler
                0x00001462                FREQM_Handler
                0x00001462                TC0_Handler

.text%35        0x000014cc        0x2
 .text          0x000014cc        0x2 build/default/debug/_ext/1171490990/startup_xc32.o
                0x000014cc                _on_reset
                0x000014cc                _on_bootstrap
                0x000014cc                __xc32_on_reset
                0x000014cc                Dummy_App_Func
                0x000014cc                __xc32_on_bootstrap

.text.__dummy%36
                0x000014ce        0x2
 .text.__dummy  0x000014ce        0x2 c:/program files/microchip/xc32/v4.35/bin/bin/../../lib/gcc/pic32c/8.3.1/../../../../pic32c/lib/thumb/v6-m/nofp\libg-musl.a(__libc_start_main.o)
                0x000014ce                __init_stdio
                0x000014ce                __init_host

.text%z50       0x00000000        0x0
 .text          0x00000000        0x0 c:/program files/microchip/xc32/v4.35/bin/bin/../../lib/gcc/pic32c/8.3.1/../../../../pic32c/lib/thumb/v6-m/nofp\libpic32c.a(pic32_data_init_copy.o)

.text%z51       0x00000000        0x0
 .text          0x00000000        0x0 c:/program files/microchip/xc32/v4.35/bin/bin/../../lib/gcc/pic32c/8.3.1/../../../../pic32c/lib/thumb/v6-m/nofp\libpic32c.a(pic32_data_init_clear.o)

.text%z52       0x00000000        0x0
 .text          0x00000000        0x0 c:/program files/microchip/xc32/v4.35/bin/bin/../../lib/gcc/pic32c/8.3.1/thumb/v6-m/nofp/crtn.o

.text%z53       0x00000000        0x0
 .text          0x00000000        0x0 c:/program files/microchip/xc32/v4.35/bin/bin/../../lib/gcc/pic32c/8.3.1/thumb/v6-m/nofp/crtend.o

.text%z54       0x00000000        0x0
 .text          0x00000000        0x0 c:/program files/microchip/xc32/v4.35/bin/bin/../../lib/gcc/pic32c/8.3.1/../../../../pic32c/lib/thumb/v6-m/nofp\libg-musl.a(__environ.o)

.text%z55       0x00000000        0x0
 .text          0x00000000        0x0 c:/program files/microchip/xc32/v4.35/bin/bin/../../lib/gcc/pic32c/8.3.1/../../../../pic32c/lib/thumb/v6-m/nofp\libg-musl.a(memcpy.o)

.text%z56       0x00000000        0x0
 .text          0x00000000        0x0 c:/program files/microchip/xc32/v4.35/bin/bin/../../lib/gcc/pic32c/8.3.1/../../../../pic32c/lib/thumb/v6-m/nofp\libg-musl.a(libc.o)

.text%z57       0x00000000        0x0
 .text          0x00000000        0x0 c:/program files/microchip/xc32/v4.35/bin/bin/../../lib/gcc/pic32c/8.3.1/../../../../pic32c/lib/thumb/v6-m/nofp\libg-musl.a(__libc_start_main.o)

.text%z58       0x00000000        0x0
 .text          0x00000000        0x0 c:/program files/microchip/xc32/v4.35/bin/bin/../../lib/gcc/pic32c/8.3.1/../../../../pic32c/lib/thumb/v6-m/nofp\libpic32c.a(data_init.o)

.text%z59       0x00000000        0x0
 .text          0x00000000        0x0 c:/program files/microchip/xc32/v4.35/bin/bin/../../lib/gcc/pic32c/8.3.1/thumb/v6-m/nofp/crti.o
